// Jest Snapshot v1, https://goo.gl/fbAQLP

exports[`<ItemsList /> rendering should match snapshot 1`] = `ReactWrapper {}`;
